2026-05-13 15:29:12,764 - ERROR - Необработанное исключение: AttributeError: 'ChoiceGroupManual' object has no attribute 'max_rows_label'
2026-05-13 15:29:12,765 - ERROR - Трассировка стека:
Traceback (most recent call last):
  File "c:\Users\Alex_SSHOR13\Competitions_TT_team\main.py", line 1029, in choice
    choice_gr_automat(check_flag)
  File "c:\Users\Alex_SSHOR13\Competitions_TT_team\main.py", line 9982, in choice_gr_automat
    results = choice_group_manual(player_list, group, id_title)
              ^^^^^^^^^^^^^^^^^^^^^^^^^^^^^^^^^^^^^^^^^^^^^^^^^
  File "c:\Users\Alex_SSHOR13\Competitions_TT_team\manual_choice.py", line 1355, in choice_group_manual
    dialog = ChoiceGroupManual(athletes, num_groups, id_title, parent, existing_data)
             ^^^^^^^^^^^^^^^^^^^^^^^^^^^^^^^^^^^^^^^^^^^^^^^^^^^^^^^^^^^^^^^^^^^^^^^^
  File "c:\Users\Alex_SSHOR13\Competitions_TT_team\manual_choice.py", line 106, in __init__
    self.init_groups()
  File "c:\Users\Alex_SSHOR13\Competitions_TT_team\manual_choice.py", line 519, in init_groups
    self.update_groups_display()
  File "c:\Users\Alex_SSHOR13\Competitions_TT_team\manual_choice.py", line 564, in update_groups_display
    self.update_stats()
  File "c:\Users\Alex_SSHOR13\Competitions_TT_team\manual_choice.py", line 575, in update_stats
    self.max_rows_label.setText(str(self.max_rows_per_group))
    ^^^^^^^^^^^^^^^^^^^
AttributeError: 'ChoiceGroupManual' object has no attribute 'max_rows_label'
